# Navigator Interaction Responsiveness

## Plan

- 背景：Daedalus 真 SPAA consumer gate 回報 navigator drag 延遲、View All 未立即滿寬、pan 偶爾無可見反應，以及 overview 缺 event-time/date axis。
- 目標：在 generic Renderer owner boundary 修正本地 navigator interaction，不將 TradeCore domain 或 server backlog workaround 放進 package。
- 假設：drag 延遲主要來自每個 mousemove 直接驅動 WebSharper reactive subtree；View All/pan 缺可見反應與 local draft/committed window lifecycle 有關；axis 是 owner renderer 尚未輸出 generic event-time labels。
- 步驟：1) 讀精確 event/window/overview code 與既有 tests；2) 先補可重現 regression；3) 以 requestAnimationFrame coalescing 與 local-first window commit 修正；4) 補 generic event-time axis；5) focused build/test/Playwright；6) package、readback、通知 consumer。
- 範圍：`PulseTrade.Comm.Spa.Dynamic.Renderer`、必要 generic contracts/tests/docs；不改 SPAA/TradeCore provider、scenario 或 server action contract。
- 驗收：pointermove 下一 frame 可見且 pointerup 僅送一次 `VisibleRangeChanged`；View All/pan 立即改 geometry；overview 有 event-time/date labels；既有 49/58/15/15/17 與完整 Playwright 不退步。
- 風險：requestAnimationFrame pending draft 若未在 pointerup flush，可能 commit stale window；pan 位於 coverage boundary 時仍須保留既有 adjacent request；axis label 不得造成 overview 高度或 selection hit-area regression。
- 停止條件：正式 package graph交付 Daedalus並取得可重跑 gate，或出現需 consumer/人類決策的 contract blocker。

## Operations

- 2026-09-30 05:00 +08:00：收到 direct `msg-fsi-faf93fc1431746c7923152885f9d0a0f`；回覆 `msg-fsi-a9e96fa3472e4e8c92940300954be53e` 接手，工作期間 COMM 改 3 分鐘。
- 2026-09-30 05:08 +08:00：確認official Contracts `0.1.34`未含source已使用的RangeAuthority API；升版Contracts並建立完整exact candidate，未覆寫既有版本。
- 2026-09-30 05:24 +08:00：完成rAF draft、deferred chart state、overview axis及local/remote disable分離。Browser gate先後驗出axis selector、multi-step量測及row-remount誤鎖local pan三個回歸；均修產品／測試邊界，不放寬門檻。
- 2026-09-30 05:38 +08:00：final candidate `0.1.35/0.1.109/0.1.100/0.1.56/0.1.109` focused Expecto=`49/58/15/15/17`；完整Playwright PASS，state/rows=`373.16/752.64ms`，正式phase over100=0。下一步固定source provenance後publish/readback並交Daedalus真SPAA。
- 2026-09-30 07:22 +08:00：Daedalus確認 stale revision/query-generation 已由 consumer authoritative response 修復，剩餘 owner 缺口為 View All 誤用 active detail 長度。新增 loaded-domain `CoverageIntent`、queued coverage-window lifecycle 與 `Loaded 3022 / active 724` Browser fixture；候選 graph 升為 Renderer/Ptcs.Client `0.1.121`、Interactive.Client `0.1.112`，待 focused build 與完整 Playwright gate。
- 2026-09-30 07:32 +08:00：owner gates完成。Focused `49/58/15/15/17`全綠；完整Playwright涵蓋3022/724 View All replacement並PASS，正式phase over100=0。首次run因demo host未啟動而connection refused；第二次因泛化舊500 fixture anchor改變精確半寬而RED，保留舊fixture形狀後重跑通過。下一步固定source commit、重建並publish/readback三顆新package。
- 2026-09-30 07:37 +08:00：changed-path sensitive scan為`high=0 / medium=0`；closeout checker為`PASS=28 / WARN=2 / FAIL=0`。WARN僅為提交前dirty與既有RFC追溯缺口，未發現本輪blocking finding。
- 2026-09-30 07:50 +08:00：收到Daedalus persistent cache blocker。舊`.112`以active=`0+724`、domain=`4724`、remote empty=`4724`穩定RED為KnownEmpty；收緊ordinal-domain／boundary判定後`.113` unit `15/15`。IndexedDB seed→reload→Later gate=`MISS`，large read/rehydrate既有gate與package verifierPASS。`.112`已push但不交consumer，final graph改`.113`。
- 2026-09-30 07:57 +08:00：closeout checker首次FAIL `version_bump_devlog_missing`；DevLog原以縮寫`.113`記版號，不符合package ID＋完整版本gate。補為`PulseTrade.Comm.Spa.Dynamic.Interactive.Client 0.1.113`後重查。
