# Live Preview Chart Hot Path

## Prompt/上下文摘要

使用者在真`02-history-live-1k-5k-sma.fsstl`觀察到最新bar close不隨成交價跳動，且cursor約每秒卡頓；問題同時交給Daedalus以便分清provider與renderer ownership。

## 計畫步驟

- 背景：真實 `02-history-live-1k-5k-sma.fsstl` 的 current 1K close 在後端 frame 已變動，但瀏覽器 cursor 約每秒卡頓。
- 目標：同一 current-K 位置的 preview replacement 要更新最新 candle/TA 值，同時不替換整個 chart stack DOM。
- 現況證據：純 F# SPAA API gate 觀察到 revision 1→2、close 7656→7655.75、observedThrough 前進；provider、SPAA projection 與 runtime frame 正常。
- 假設：Renderer 以 `DataRevision` 作 chart cache key，每個 live patch 都重建所有 visible row SVG，打斷 cursor hot path。
- 步驟：建立 preview replacement fixture；分離 chart topology 與 live value attributes；跑 renderer unit/WebSharper build及真實 SPAA browser/API gates。
- 範圍：PTCS Dynamic Renderer 及其 tests；不修改 MDCQ、FSSTL、SPAA provider/ACK contract。
- 驗收：同 position preview close 可見更新；chart render sequence 不變；cursor 在跨 live revision 移動不中斷；新增 minute/topology 才重建。
- 風險：過度快取會漏掉 final/new-position 或 viewport/document 變更，cache key 必須包含時間軸拓樸。

## 執行命令/參數

Operations記錄focused Expecto、package verifier、BrowserDemo/F# Playwright、NuGet public nuspec readback及checker；不記secret值。

## 結果

Generic source/package/browser修正已完成；真SPAA owner integration gate執行中。

## 根因判讀

Provider確實持續發布close變化；Dynamic Renderer卻把每個DataRevision都送入chart composition。第一版dynamic attributes仍因`View.MapCachedBy`下游重新emission而重建，最終以獨立topology/data Vars根治。

## 下一步

取得Daedalus真SPAA visible-close/no-rerender/cursor結果；完成checker、敏感掃描與commit/push。

## 關聯文件/工單/PR

- `doc/TAResearch/WBS.DYN-TA-019.md`
- `doc/TAResearch/Test.md` DYN-TA-T-077
- `doc/TAResearch/SD.md` revision 10
- `log/20260909/20260909224416_issue_live_preview_chart_rerender.hypothesis.md`

## Operations

- 2026-09-09 22:44 +08:00：建立本輪計畫；尚未修改產品碼。
- 2026-09-09 22:48 +08:00：新增真SPAA actual API verifier；同一current 1K Position的revision 1->2、close 7656->7655.75，排除MDCQ/provider/SPAA reducer沒有更新資料的假設。
- 2026-09-09 22:56 +08:00：第一版Renderer 0.1.16只加入dynamic SVG attributes，但既有`View.MapCachedBy`下游仍因每個RuntimeState emission重建chart；Daedalus exact-package gate觀察render sequence仍前進，未發布此版本。
- 2026-09-09 23:08 +08:00：改以獨立`chartRuntimeState`與`runtimeDataState`分流；同timestamp DataRevision只更新data view，timestamp/document/identity topology改變才更新chart view。candlestick、line、histogram與cursor reader改讀live data view。
- 2026-09-09 23:15 +08:00：Renderer unit 29/29；exact-package BrowserDemo F# Playwright通過，latest close 28278.2038->28279.4538、chart render sequence不變、cursor 68ms、console/page error 0。
- 2026-09-09 23:20 +08:00：原Renderer project的ignored `websharper.log`因檔案ACL/lock不可存取，source-only build正常；以source-identical isolated staging執行完整WebSharper build/pack通過。此為build tool artifact問題，不修改或破壞性清理原檔。
- 2026-09-09 23:23 +08:00：發布Renderer 0.1.17、Interactive.Client 0.1.13、Ptcs.Client 0.1.10；同步active tests/demos exact refs。Interactive lifecycle 4/4、Ptcs.Client 15/15及對應WebSharper demos build通過。
- 2026-09-09 23:25 +08:00：透過comm交接Daedalus更新SPAA exact graph並重跑真`02-history-live-1k-5k-sma.fsstl` visible-close/no-rerender/cursor gate；owner回覆provider ACK累積落後亦已修正，integration gate執行中。
- 2026-09-09 23:32 +08:00：同步REQ-057、SD revision 10、WBS DYN-TA-019、T-077、Verification revision 20與DevLog；真SPAA browser closure前進度維持95%。
- 2026-09-09 23:34 +08:00：最終graph重跑Renderer 29/29、Interactive lifecycle 4/4、Ptcs.Client 15/15與Interactive package verifier均通過；完整desktop/mobile F# Playwright再次通過，chartRerender=false、cursor 168ms。測試BrowserDemo與dotnet launcher均已停止，18882無listener。
- 2026-09-10 01:20 +08:00：Daedalus 的真 SPAA M17 gate 反證 synthetic 單次移動不足：4000 bars、12 SMA 下第二次 cursor movement 2650ms，12 秒僅 174 rAF samples／28 次 crosshair change；主機 CPU 約 6.97%，瓶頸在 browser renderer。追加修正範圍為 mousemove 不再寫全域 View、cursor DOM 以單一 rAF 合併更新，live geometry 改成 element/trace 差異更新；0.1.20 不視為最終驗收版本。
- 2026-09-10 01:44 +08:00：Renderer 0.1.21完整WebSharper編譯、29/29 unit與exact-package browser gate通過；same-position close原位更新，單次cursor 87ms，連續120 transitions共4919ms／最大246ms，chart sequence不變且console 0。Interactive.Client 0.1.17 package/lifecycle 4/4與Ptcs.Client 0.1.14 build/15/15通過；三顆NuGet push均回Created，public CDN propagation中。已通知Daedalus以真02-history-live M17 sustained gate重測。
- 2026-09-10 01:46 +08:00：Renderer 0.1.21、Interactive.Client 0.1.17、Ptcs.Client 0.1.14已出現在public NuGet index；排除repository signing metadata後逐entry比對public/local package，三顆mismatch均為0。
- 2026-09-10 02:03 +08:00：Daedalus 以 exact Renderer 0.1.21／Interactive.Client 0.1.17 重跑真 SPAA M17：mousemove 本身約 0.6ms、layout/style 合計約 1%，但 12 秒僅 219 frames、最大 rAF gap 1383ms、page main thread 約 80.4%。CDP 與 wire timing 排除 SVG layout、server 與 transport；剩餘根因為每個 DataRevision 對全部 retained Data 執行 `prepareData`。下一切片改為 dataRef-level incremental preparation，0.1.21 僅為 cursor fan-out 修正的中間版本。
- 2026-09-10 02:32 +08:00：完成local candidate graph Contracts 0.1.9／Renderer 0.1.22／Interactive.Client 0.1.18／Dynamic.Ptcs 0.1.9／Ptcs.Client 0.1.15。Reducer same-position/append fast path保留未變prefix reference，以operation-local validation取代每patch全資料驗證與第二次apply；Renderer由前一份prepared state只解析變動suffix與受shared-axis metadata影響的位置。
- 2026-09-10 02:33 +08:00：重跑exact-package suites：Contracts 22/22、Renderer 29/29、Interactive lifecycle 4/4、PTCS adapter 13/13、Ptcs.Client 15/15通過。Generic 3,820-position/28-series F# Playwright gate收緊為300個實際crosshair transitions、每次小於250ms與總長小於12秒；最終fixture先在Follow Latest驗close持續變動，再切historical viewport並與5次live revision並行，結果cursor 38ms、300 transitions/5690ms、max138ms、chartRerender=false、historical close不被覆寫、console 0。五顆package僅local staging，等待Daedalus真M17 gate後才public push。
- 2026-09-10 06:14 +08:00：Daedalus追加共用Renderer UX gate：每個chart row的TA legend/value band固定高度且單行，value緊接自身label；Undef、長數字、cursor與realtime更新只改既有文字節點，不得改row geometry。跨尺度summary移至chart stack底部並預設收合，只有人類toggle可改整體高度。此項併入尚未public push的Renderer 0.1.22 candidate與matching Interactive.Client closure。
- 2026-09-10 07:31 +08:00：定位WebSharper generated bundle將reader wrapper eta-reduce成初始reader snapshot；Renderer改用per-trace mutable reader cell，data revision先替換cell內容，再由既有rAF更新固定DOM。F# Playwright驗`Undef`、長值及same-position preview均原位更新，render sequence不前進。
- 2026-09-10 07:38 +08:00：local candidate graph定為Contracts 0.1.10、Renderer 0.1.25、Interactive.Client 0.1.21、Dynamic.Ptcs 0.1.10、Ptcs.Client 0.1.18。exact-package suites依序23/23、29/29、4/4、13/13、15/15通過；Interactive package manifest 4 entries通過。
- 2026-09-10 07:42 +08:00：F# Playwright final local gate通過：3,820 positions／28 series、300 transitions／5602ms／max132ms、5次並行preview、chartRerender=false、historical close不被覆寫、console/page error 0。summary toggle驗證改以row相對chart-stack座標，避免Playwright click auto-scroll造成假失敗。
- 2026-09-10 07:46 +08:00：以comm訊息`msg-fsi-b2b0281c782b41798814143bc22c1912`通知Daedalus更新local candidate並重跑真SPAA/DIB M17。依owner gate，不public push；等待結果不阻擋本輪source與local package交付。
- 2026-09-10 07:49 +08:00：更名後Contracts gate重跑23/23；`git diff --check`與35檔strict UTF-8/NUL/U+FFFD檢查通過。root checker以本repo TA REQ/SA/SD/WBS/Test/DevLog scope執行為PASS=28/WARN=3/FAIL=0；WARN僅既有三個歷史log檔名與舊RFC追溯缺口。changed-path敏感掃描為high=0、medium=0。
