# Spa49 wallet/readiness exact adapter cascade
背景：Aster已獲人類PTC wallet開發授權，UI/recovery source與test已push；current Spa49候選含performance/UI及readonly readiness。前三原infra已完成；正式Proc/PTCS/GW不動。
目標：Dynamic0.1.28/Ptcs0.1.59/Ptcs.Client0.1.134 exact消費Spa0.2.49，保留Renderer0.1.131。三producer與activeconsumer/test/fullWeb資產驗證，source/test/package分列。
canonical root：C:/Users/Administrator/test_gemini/PulseTrade.Comm.Spa.Dynamic；branch20260915_033.ptcs_group_support，HEADce4b3eeecda324d460c5403848e8ae216f7693c4。
Ownership：只有3producer fsproj/exactconsumer/docs/log由Aster本片改；既有Renderer.fs diagnostic WIP與.pcsl fixtures保留，不stage/pack。child只提供read-only12closure audit；crossrepo沒有branch/worktree操作。
規則：本root/parent無AGENTS（已查），沿本session G:/PulseTrade.fs/AGENTS.md 0.3.6及Fsharp skills。先current no-publish baseline，再改version/exactrefs；無nuget.config、ProjectReferencefallback、private、prod mutation。
驗收：publishedcandidateabsence已12/12查；core新artifact測試後才safe GenerateNuspec NoBuild pack，禁止Pack因umbrella有未受flag保護的AfterPack。3新包deps/payload與main13activeclosure、Dynamicunit15+17/LiveDemo fullWeb/copiedassets；舊Renderer不重新發布。
風險/停止：原WIP不得覆蓋、secret不得輸出。未有新Spa49 localpack時不restore新consumer版本；缺外部決策做獨立工項；readiness/source未PASS不能發布。allruntime test用ownerGUIDDB/PCSL/nativePIDs/高loopback。
## Operations
- 2026-10-03T13:51:16.4613479+08:00 Prework started; initial dirty Renderer.fs+five pcsl fixturedirs preserved; no service mutation.
- 2026-10-03T13:52:21.1971376+08:00 Baseline no-publish build PulseTrade.Comm.Spa.Dynamic current=0.1.27
- 2026-10-03T13:52:22.9819316+08:00 Main package stage PulseTrade.Comm.Spa.Dynamic exit=1 elapsed=1.75 raw=C:\Users\Administrator\AppData\Local\Temp\aster-ptcs-package-0.2.48\wallet-dynamic-baseline-r1\PulseTrade.Comm.Spa.Dynamic

- 2026-10-03T13:54:40.1360022+08:00 Baseline r1 FAIL MSB6006 within1.30s; Event1026 UnauthorizedAccessException canonical websharper.log matches historical hypothesis. New hypothesis20261003135700 recorded before workaround; no ACL reset/file delete/process kill. Frozen input stage planned; no source edit/package publish. 
- 2026-10-03T14:03:54.5501021+08:00 TEMP helper first PLAN failed on PowerShell hashtable boolean literal; no stage/build/restore ran. Corrected only helper booleans and automation variable name; retry PLAN before execute.
- 2026-10-03T14:03:59.4800647+08:00 Begin immutable current-HEAD baseline capture to C:\Users\Administrator\AppData\Local\Temp\aster-ptcs-package-0.2.48\dynamic-wallet49-baseline-murzjslf; old862 allowlist plus explicit3 Ptcs closure inputs; byte/SHA/git-blob checks; no canonical edit/ACL change/pack/publish. Watchdog only new handle-owned process tree.
- 2026-10-03T14:06:23.0355191+08:00 Capture r1 stopped before restore/build at canvas_demo.json: raw blob differs under core.autocrlf=true, i/lf w/crlf (117 CRLF); Git clean hash-object matches HEAD. Preserve partial artifact. New r2 uses canonical raw bytes/SHA plus Git clean blob comparison, custom clean filters rejected, second batch verifies source stability before build; no canonical newline rewrite.
- 2026-10-03T14:06:28.1356379+08:00 Begin immutable current-HEAD baseline capture to C:\Users\Administrator\AppData\Local\Temp\aster-ptcs-package-0.2.48\dynamic-wallet49-baseline-murzjslf-r2; old862 allowlist plus explicit3 Ptcs closure inputs; byte/SHA/git-blob checks; no canonical edit/ACL change/pack/publish. Watchdog only new handle-owned process tree.
- 2026-10-03T14:06:33.6898321+08:00 Owned immutable baseline stage PulseTrade.Comm.Spa.Dynamic-restore exit=0 timeout=False elapsed=2.772 raw=C:\Users\Administrator\AppData\Local\Temp\aster-ptcs-package-0.2.48\dynamic-wallet49-baseline-murzjslf-r2\evidence\PulseTrade.Comm.Spa.Dynamic-restore
- 2026-10-03T14:06:43.9446554+08:00 Owned immutable baseline stage PulseTrade.Comm.Spa.Dynamic-build exit=0 timeout=False elapsed=10.245 raw=C:\Users\Administrator\AppData\Local\Temp\aster-ptcs-package-0.2.48\dynamic-wallet49-baseline-murzjslf-r2\evidence\PulseTrade.Comm.Spa.Dynamic-build
- 2026-10-03T14:06:45.7458391+08:00 Owned immutable baseline stage PulseTrade.Comm.Spa.Dynamic.Ptcs-restore exit=0 timeout=False elapsed=1.788 raw=C:\Users\Administrator\AppData\Local\Temp\aster-ptcs-package-0.2.48\dynamic-wallet49-baseline-murzjslf-r2\evidence\PulseTrade.Comm.Spa.Dynamic.Ptcs-restore
- 2026-10-03T14:06:53.9427676+08:00 Owned immutable baseline stage PulseTrade.Comm.Spa.Dynamic.Ptcs-build exit=0 timeout=False elapsed=8.195 raw=C:\Users\Administrator\AppData\Local\Temp\aster-ptcs-package-0.2.48\dynamic-wallet49-baseline-murzjslf-r2\evidence\PulseTrade.Comm.Spa.Dynamic.Ptcs-build
- 2026-10-03T14:06:55.6944747+08:00 Owned immutable baseline stage PulseTrade.Comm.Spa.Dynamic.Ptcs.Client-restore exit=0 timeout=False elapsed=1.746 raw=C:\Users\Administrator\AppData\Local\Temp\aster-ptcs-package-0.2.48\dynamic-wallet49-baseline-murzjslf-r2\evidence\PulseTrade.Comm.Spa.Dynamic.Ptcs.Client-restore
- 2026-10-03T14:07:02.6633203+08:00 Owned immutable baseline stage PulseTrade.Comm.Spa.Dynamic.Ptcs.Client-build exit=0 timeout=False elapsed=6.967 raw=C:\Users\Administrator\AppData\Local\Temp\aster-ptcs-package-0.2.48\dynamic-wallet49-baseline-murzjslf-r2\evidence\PulseTrade.Comm.Spa.Dynamic.Ptcs.Client-build
- 2026-10-03T14:07:03.0426154+08:00 Immutable current-version baseline PASS source=ce4b3eeecda324d460c5403848e8ae216f7693c4 files=865 projects=3 fullWebSharper=true canonical/captured/Rendererbytes unchanged; raw evidence=C:\Users\Administrator\AppData\Local\Temp\aster-ptcs-package-0.2.48\dynamic-wallet49-baseline-murzjslf-r2; package/publish=false.
- 2026-10-03T14:08:42.6960420+08:00 Baseline artifact proof saved: C:\Users\Administrator\AppData\Local\Temp\aster-ptcs-package-0.2.48\dynamic-wallet49-baseline-murzjslf-r2\artifact-proof.json. Current versions DLL identity0.1.27/0.1.58/0.1.133; all0errors, umbrella1warning; both WebSharper producers contain WebSharper.meta/runtime.meta and own timinglog. Git autocrlf clean conversion differs from raw blob on850/865 paths; raw bytes and SHA preserved exactly, custom clean filters rejected. No source/version/publish/prod/ACL edits, Renderer WIP unchanged. Helper emitted two harmless null progress objects per restore from async-copy return values; recorded stage result.json and final results have correct scalar exit/time fields, no acceptance oracle changed.

- 2026-10-03T14:18:13.652110+08:00 Begin authorized Spa49 metadata cascade: exact six fsproj and current docs only; baseline three full builds PASS; fixed-source local archive/feed and 32 consumer tests/LiveDemo remain pending. Renderer WIP preserved; no public publish/production.
- 2026-10-03T14:18:55.5514914+08:00 Begin immutable current-HEAD baseline capture to C:\Users\Administrator\AppData\Local\Temp\aster-ptcs-package-0.2.48\dynamic-wallet49-baseline-source-r1; old862 allowlist plus explicit3 Ptcs closure inputs; byte/SHA/git-blob checks; no canonical edit/ACL change/pack/publish. Watchdog only new handle-owned process tree.
- 2026-10-03T14:19:00.0314892+08:00 Owned immutable baseline stage PulseTrade.Comm.Spa.Dynamic-restore exit=0 timeout=False elapsed=1.909 raw=C:\Users\Administrator\AppData\Local\Temp\aster-ptcs-package-0.2.48\dynamic-wallet49-baseline-source-r1\evidence\PulseTrade.Comm.Spa.Dynamic-restore
- 2026-10-03T14:19:11.0982159+08:00 Owned immutable baseline stage PulseTrade.Comm.Spa.Dynamic-build exit=0 timeout=False elapsed=11.041 raw=C:\Users\Administrator\AppData\Local\Temp\aster-ptcs-package-0.2.48\dynamic-wallet49-baseline-source-r1\evidence\PulseTrade.Comm.Spa.Dynamic-build
- 2026-10-03T14:19:12.9103625+08:00 Owned immutable baseline stage PulseTrade.Comm.Spa.Dynamic.Ptcs-restore exit=0 timeout=False elapsed=1.803 raw=C:\Users\Administrator\AppData\Local\Temp\aster-ptcs-package-0.2.48\dynamic-wallet49-baseline-source-r1\evidence\PulseTrade.Comm.Spa.Dynamic.Ptcs-restore
- 2026-10-03T14:19:22.6188084+08:00 Owned immutable baseline stage PulseTrade.Comm.Spa.Dynamic.Ptcs-build exit=0 timeout=False elapsed=9.703 raw=C:\Users\Administrator\AppData\Local\Temp\aster-ptcs-package-0.2.48\dynamic-wallet49-baseline-source-r1\evidence\PulseTrade.Comm.Spa.Dynamic.Ptcs-build
- 2026-10-03T14:19:24.6082421+08:00 Owned immutable baseline stage PulseTrade.Comm.Spa.Dynamic.Ptcs.Client-restore exit=0 timeout=False elapsed=1.975 raw=C:\Users\Administrator\AppData\Local\Temp\aster-ptcs-package-0.2.48\dynamic-wallet49-baseline-source-r1\evidence\PulseTrade.Comm.Spa.Dynamic.Ptcs.Client-restore
- 2026-10-03T14:19:33.3244307+08:00 Owned immutable baseline stage PulseTrade.Comm.Spa.Dynamic.Ptcs.Client-build exit=0 timeout=False elapsed=8.713 raw=C:\Users\Administrator\AppData\Local\Temp\aster-ptcs-package-0.2.48\dynamic-wallet49-baseline-source-r1\evidence\PulseTrade.Comm.Spa.Dynamic.Ptcs.Client-build
- 2026-10-03T14:19:33.7231652+08:00 Immutable current-version baseline PASS source=ce4b3eeecda324d460c5403848e8ae216f7693c4 files=865 projects=3 fullWebSharper=true canonical/captured/Rendererbytes unchanged; raw evidence=C:\Users\Administrator\AppData\Local\Temp\aster-ptcs-package-0.2.48\dynamic-wallet49-baseline-source-r1; package/publish=false.
- 2026-10-03T14:20:40.4194505+08:00 Precheckpoint3 fullbuildPASS; exact2 umbrella generated JS/min copied from owned compiler raw bytes; seven assets compared. Metadata source commit and final package proof next; consumer/publish pending.
- 2026-10-03T14:22:07.4386690+08:00 Freeze scoped bytes before fresh scan/check; raw outcomes at C:\Users\Administrator\AppData\Local\Temp\aster-ptcs-package-0.2.48\dynamic-wallet49-closeout-source-r1; generated JS compiler whitespace retained, ordinary source/docs diff-check applies; commit/readback evidence will be TEMP. Renderer/pcsl WIP excluded.

## Planned steps / 本輪計畫欄位補述
流程偏差：prework 已記背景/目標/owner/驗收/風險，但未用 checker 所需 plan/假設/步驟/範圍標記；source-r1 checker保留FAIL，不修改原文。
假設：三adapter只有Spa exact metadata cascade，Renderer131及Contracts35已發行契約不變；canonical timinglog ACL故障可由同bytes immutable artifact隔離。
步驟：既有baseline → SA/SD/Verification intent → 六fsproj與真compiler assets → source checkpoint → 固定commit fullbuild/NoBuild package → collision-safe SDK feed → 真32tests/LiveDemo7assets → currentdocs與scoped closeout。
範圍：三producer、三activeconsumers、必要generatedassets/currentdocs與本輪log；Renderer WIP/pcsl/prod不動，不執行NuGetpush。
- 2026-10-03T14:23:43.7813504+08:00 Freeze scoped bytes before fresh scan/check; raw outcomes at C:\Users\Administrator\AppData\Local\Temp\aster-ptcs-package-0.2.48\dynamic-wallet49-closeout-source-r2; generated JS compiler whitespace retained, ordinary source/docs diff-check applies; commit/readback evidence will be TEMP. Renderer/pcsl WIP excluded.
- 2026-10-03T14:25:04.0964440+08:00 Freeze scoped bytes before fresh scan/check; raw outcomes at C:\Users\Administrator\AppData\Local\Temp\aster-ptcs-package-0.2.48\dynamic-wallet49-closeout-source-r3; generated JS compiler whitespace retained, ordinary source/docs diff-check applies; commit/readback evidence will be TEMP. Renderer/pcsl WIP excluded.
