## Plan
本片延續 Spa49 wallet/UI/readiness cascade，因 core listener startup 缺陷改採 Spa50，Spa49 與舊三包維持未發布 failed candidates，不覆寫同版 archive。Root 已授權 external 六 fsproj、必要 compiler generated assets/current docs/log、scope commit/push；main canonical freeze、Renderer131/Contracts35 與 Renderer.fs/PCSL WIP不動。
目標：Dynamic28->29、Ptcs59->60、Client134->135，全部 exact Spa49->50；三 active consumer及LiveDemo Content Update同步。Core50 source f217c8981184f6d3b66426b4211a03bd205f06a3；fixed fullWeb66.80s、archive/feed已由root驗證，當前另核真archive/feed SHA。
步驟：SA/SD/Test/Verification意圖先行 -> raw metadata -> fresh865 immutable inputs/full compiler -> compiler資產原bytes回canonical -> fresh sensitive/check -> scoped source checkpoint/commit/push -> fixed commit fullcompiler/NoBuild GenerateNuspec三包/local SDKfeed -> actual32unit/LiveDemo fullWeb+7assets+DLLidentity -> docs/finalcloseout。
驗收：逐input current HEAD clean blob與raw SHA、BOM/newline保留、full WebSharper不可關、PackageID/version/RepositoryCommit/DLL/deps/assets一致、同版differentarchive failclosed、actualrunner counts、7asset精確集合含合法零byte檔、Renderer/PCSL untouched。未執行不宣稱PASS；public publish/root服務與production不屬本片。
風險/停止：canonical websharper.log ACL已知不可碰，使用全新TEMP raw capture不改ACL/刪檔；所有流程handle-owned watchdog；新log含明確Plan且維持LatestLog append；notes scope明確空。超出owner或不可恢復的dependency/secret衝突回報root，不弱化gate。
## Operations
- 2026-10-03T15:54:25.7118459+08:00 Authorized start; baseline external534bf6b with only existing Renderer/5 PCSL WIP; exact six metadata/12 replacements prepared; no build executed yet.
SA/SD/REQ/WBS/Test/Verification/DevLog/KM intent written before six exact metadata edits; raw before/after inventory metadata-changes.actual.json; 12 replacements, BOM/newlines preserved; new gates still pending.
- 2026-10-03T15:58:06.8347663+08:00 Initial native pwsh -File true boolean argument rejected by PowerShell binder before script body/build; corrected to typed in-process invocation with Boolean true. No input/output artifact created by failed invocation.
- 2026-10-03T15:58:07.0199448+08:00 Begin immutable current-HEAD baseline capture to C:\Users\Administrator\AppData\Local\Temp\aster-ptcs-package-0.2.48\dynamic-wallet50-preparation-20261003\build-precheckpoint-r1; old862 allowlist plus explicit3 Ptcs closure inputs; byte/SHA/git-blob checks; no canonical edit/ACL change/pack/publish. Watchdog only new handle-owned process tree.
- 2026-10-03T15:58:12.3146000+08:00 Owned immutable baseline stage PulseTrade.Comm.Spa.Dynamic-restore exit=0 timeout=False elapsed=2.039 raw=C:\Users\Administrator\AppData\Local\Temp\aster-ptcs-package-0.2.48\dynamic-wallet50-preparation-20261003\build-precheckpoint-r1\evidence\PulseTrade.Comm.Spa.Dynamic-restore
- 2026-10-03T15:58:24.5600546+08:00 Owned immutable baseline stage PulseTrade.Comm.Spa.Dynamic-build exit=1 timeout=False elapsed=12.228 raw=C:\Users\Administrator\AppData\Local\Temp\aster-ptcs-package-0.2.48\dynamic-wallet50-preparation-20261003\build-precheckpoint-r1\evidence\PulseTrade.Comm.Spa.Dynamic-build

- Path failure hypothesis log/20261003/20261003160134_issue_dynamic50_longpath.hypothesis.md; preserve r1 unchanged; short fresh artifact + destination length preflight, no source/ACL changes.
- 2026-10-03T16:01:35.1686979+08:00 Begin immutable current-HEAD baseline capture to C:\Users\Administrator\AppData\Local\Temp\aster-ptcs-package-0.2.48\dyn50-pre-r2; old862 allowlist plus explicit3 Ptcs closure inputs; byte/SHA/git-blob checks; no canonical edit/ACL change/pack/publish. Watchdog only new handle-owned process tree.
- 2026-10-03T16:01:39.8007727+08:00 Owned immutable baseline stage PulseTrade.Comm.Spa.Dynamic-restore exit=0 timeout=False elapsed=1.936 raw=C:\Users\Administrator\AppData\Local\Temp\aster-ptcs-package-0.2.48\dyn50-pre-r2\evidence\PulseTrade.Comm.Spa.Dynamic-restore
- 2026-10-03T16:01:49.2734225+08:00 Owned immutable baseline stage PulseTrade.Comm.Spa.Dynamic-build exit=0 timeout=False elapsed=9.455 raw=C:\Users\Administrator\AppData\Local\Temp\aster-ptcs-package-0.2.48\dyn50-pre-r2\evidence\PulseTrade.Comm.Spa.Dynamic-build
- 2026-10-03T16:01:51.0886015+08:00 Owned immutable baseline stage PulseTrade.Comm.Spa.Dynamic.Ptcs-restore exit=0 timeout=False elapsed=1.806 raw=C:\Users\Administrator\AppData\Local\Temp\aster-ptcs-package-0.2.48\dyn50-pre-r2\evidence\PulseTrade.Comm.Spa.Dynamic.Ptcs-restore
- 2026-10-03T16:01:59.3625019+08:00 Owned immutable baseline stage PulseTrade.Comm.Spa.Dynamic.Ptcs-build exit=0 timeout=False elapsed=8.271 raw=C:\Users\Administrator\AppData\Local\Temp\aster-ptcs-package-0.2.48\dyn50-pre-r2\evidence\PulseTrade.Comm.Spa.Dynamic.Ptcs-build
- 2026-10-03T16:02:01.1147041+08:00 Owned immutable baseline stage PulseTrade.Comm.Spa.Dynamic.Ptcs.Client-restore exit=0 timeout=False elapsed=1.75 raw=C:\Users\Administrator\AppData\Local\Temp\aster-ptcs-package-0.2.48\dyn50-pre-r2\evidence\PulseTrade.Comm.Spa.Dynamic.Ptcs.Client-restore
- 2026-10-03T16:02:10.4892753+08:00 Owned immutable baseline stage PulseTrade.Comm.Spa.Dynamic.Ptcs.Client-build exit=0 timeout=False elapsed=9.373 raw=C:\Users\Administrator\AppData\Local\Temp\aster-ptcs-package-0.2.48\dyn50-pre-r2\evidence\PulseTrade.Comm.Spa.Dynamic.Ptcs.Client-build
- 2026-10-03T16:02:10.8563209+08:00 Immutable current-version baseline PASS source=534bf6bb65806f38a429a620c87b096b30985072 files=865 projects=3 fullWebSharper=true canonical/captured/Rendererbytes unchanged; raw evidence=C:\Users\Administrator\AppData\Local\Temp\aster-ptcs-package-0.2.48\dyn50-pre-r2; package/publish=false.

- DYN-VFY-050r5 precheckpoint PASS：短路徑 dyn50-pre-r2 三 full WebSharper 為 Dynamic29 9.453s、Ptcs60 8.270s、Client135 9.368s，0 errors；865 canonical/captured raw SHA與clean blob、Renderer hash不變。先前巢狀root r1 MSB3030（10路徑>260）保留，不修ACL/造假assets。兩份umbrella JS/min只從真compiler原bytes同步，固定source checkpoint/final archives/consumer仍pending。 Source checkpoint closeout now starts; generated copy proof in TEMP/dynamic-wallet50-preparation-20261003/precheckpoint-generated-copy.json.
- 2026-10-03T16:02:52.9145501+08:00 Freeze scoped bytes before fresh scan/check; raw outcomes at C:\Users\Administrator\AppData\Local\Temp\aster-ptcs-package-0.2.48\dynamic-wallet50-preparation-20261003\closeout-source-r1; generated JS compiler whitespace retained, ordinary source/docs diff-check applies; commit/readback evidence will be TEMP. Renderer/pcsl WIP excluded.

## Plan Correction
背景/上下文：本輪接替未public的Spa49依賴鏈，upstream已驗core50 fixed source/fullWeb/archive/feed；原prework敘述此背景但沒有checker所需明示欄位，source-r1最新log欄位WARN已存證。
假設：只需metadata依賴跟隨即可相容；fullcompiler與actual32unit/LiveDemo七asset驗證此假設。長路徑修正由10個>260字元missing檔且短root全三buildPASS支持，仍保留原failed artifact。
- 2026-10-03T16:05:02.6460182+08:00 Source-r1 scanner High0/Medium0, checker51PASS3WARN0FAIL; fix only current missing field marker by append-only Plan Correction, accepted by existing CheckEvidencePolicy. Fresh scan/check source-r2 follows; no test repetition.
- 2026-10-03T16:05:02.7566859+08:00 Freeze scoped bytes before fresh scan/check; raw outcomes at C:\Users\Administrator\AppData\Local\Temp\aster-ptcs-package-0.2.48\dynamic-wallet50-preparation-20261003\closeout-source-r2; generated JS compiler whitespace retained, ordinary source/docs diff-check applies; commit/readback evidence will be TEMP. Renderer/pcsl WIP excluded.
- 2026-10-03T16:09:03.3181644+08:00 Source checkpoint636c19b1bb62f9425591c2d2fdb543de1445a9e5 committed/pushed/remote readback PASS (16paths). Initial git add rejected ignored log after staging14owned source/docs; only exact two pre-approved new log/hypothesis paths explicitly force-added, no broad force/reset. Source-r2 scanHigh0/Medium0/check35PASS11WARN0FAIL: latest-field warning fixed; remaining eight unchanged-doc warnings and dirty_no_commit are repeated-check baseline, dirty Renderer plus historical RFC traceability retained. Full fixed-source build now begins in fresh dyn50-final-r1; final package/consumer still pending.
- 2026-10-03T16:09:03.5026695+08:00 Begin immutable current-HEAD baseline capture to C:\Users\Administrator\AppData\Local\Temp\aster-ptcs-package-0.2.48\dyn50-final-r1; old862 allowlist plus explicit3 Ptcs closure inputs; byte/SHA/git-blob checks; no canonical edit/ACL change/pack/publish. Watchdog only new handle-owned process tree.
- 2026-10-03T16:09:08.9830378+08:00 Owned immutable baseline stage PulseTrade.Comm.Spa.Dynamic-restore exit=0 timeout=False elapsed=1.906 raw=C:\Users\Administrator\AppData\Local\Temp\aster-ptcs-package-0.2.48\dyn50-final-r1\evidence\PulseTrade.Comm.Spa.Dynamic-restore
- 2026-10-03T16:09:19.8697973+08:00 Owned immutable baseline stage PulseTrade.Comm.Spa.Dynamic-build exit=0 timeout=False elapsed=10.866 raw=C:\Users\Administrator\AppData\Local\Temp\aster-ptcs-package-0.2.48\dyn50-final-r1\evidence\PulseTrade.Comm.Spa.Dynamic-build
- 2026-10-03T16:09:22.1297120+08:00 Owned immutable baseline stage PulseTrade.Comm.Spa.Dynamic.Ptcs-restore exit=0 timeout=False elapsed=2.25 raw=C:\Users\Administrator\AppData\Local\Temp\aster-ptcs-package-0.2.48\dyn50-final-r1\evidence\PulseTrade.Comm.Spa.Dynamic.Ptcs-restore
- 2026-10-03T16:09:30.6825584+08:00 Owned immutable baseline stage PulseTrade.Comm.Spa.Dynamic.Ptcs-build exit=0 timeout=False elapsed=8.551 raw=C:\Users\Administrator\AppData\Local\Temp\aster-ptcs-package-0.2.48\dyn50-final-r1\evidence\PulseTrade.Comm.Spa.Dynamic.Ptcs-build
- 2026-10-03T16:09:32.4951143+08:00 Owned immutable baseline stage PulseTrade.Comm.Spa.Dynamic.Ptcs.Client-restore exit=0 timeout=False elapsed=1.809 raw=C:\Users\Administrator\AppData\Local\Temp\aster-ptcs-package-0.2.48\dyn50-final-r1\evidence\PulseTrade.Comm.Spa.Dynamic.Ptcs.Client-restore
- 2026-10-03T16:09:41.3371667+08:00 Owned immutable baseline stage PulseTrade.Comm.Spa.Dynamic.Ptcs.Client-build exit=0 timeout=False elapsed=8.84 raw=C:\Users\Administrator\AppData\Local\Temp\aster-ptcs-package-0.2.48\dyn50-final-r1\evidence\PulseTrade.Comm.Spa.Dynamic.Ptcs.Client-build
- 2026-10-03T16:09:41.6655883+08:00 Immutable current-version baseline PASS source=636c19b1bb62f9425591c2d2fdb543de1445a9e5 files=865 projects=3 fullWebSharper=true canonical/captured/Rendererbytes unchanged; raw evidence=C:\Users\Administrator\AppData\Local\Temp\aster-ptcs-package-0.2.48\dyn50-final-r1; package/publish=false.
- 2026-10-03T16:10:10.5991896+08:00 Dynamic package stage PulseTrade.Comm.Spa.Dynamic.Ptcs.Client\pack exit=0 elapsed=1.658 raw=C:\Users\Administrator\AppData\Local\Temp\aster-ptcs-package-0.2.48\dyn50-final-r1\packages-proof\PulseTrade.Comm.Spa.Dynamic.Ptcs.Client\pack
- 2026-10-03T16:10:10.7021395+08:00 Local exact candidate PulseTrade.Comm.Spa.Dynamic.Ptcs.Client 0.1.135 final source/DLL/archive/dependencies/assets verified, SDKfeed copy PASS; publish=false
- 2026-10-03T16:10:12.3345682+08:00 Dynamic package stage PulseTrade.Comm.Spa.Dynamic.Ptcs\pack exit=0 elapsed=1.621 raw=C:\Users\Administrator\AppData\Local\Temp\aster-ptcs-package-0.2.48\dyn50-final-r1\packages-proof\PulseTrade.Comm.Spa.Dynamic.Ptcs\pack
- 2026-10-03T16:10:12.3432708+08:00 Local exact candidate PulseTrade.Comm.Spa.Dynamic.Ptcs 0.1.60 final source/DLL/archive/dependencies/assets verified, SDKfeed copy PASS; publish=false
- 2026-10-03T16:10:16.6134696+08:00 Dynamic package stage PulseTrade.Comm.Spa.Dynamic\pack exit=0 elapsed=4.262 raw=C:\Users\Administrator\AppData\Local\Temp\aster-ptcs-package-0.2.48\dyn50-final-r1\packages-proof\PulseTrade.Comm.Spa.Dynamic\pack
- 2026-10-03T16:10:17.0455728+08:00 Local exact candidate PulseTrade.Comm.Spa.Dynamic 0.1.29 final source/DLL/archive/dependencies/assets verified, SDKfeed copy PASS; publish=false
- 2026-10-03T16:10:55.8096507+08:00 Start fresh immutable exact50 consumers source=636c19b1bb62f9425591c2d2fdb543de1445a9e5 inputs=14; actual15+17 runner/full LiveDemo/7 asset proof, no host/public publish
- 2026-10-03T16:11:03.9398387+08:00 Dynamic package stage PulseTrade.Comm.Spa.Dynamic.Ptcs.Tests\build exit=0 elapsed=8.037 raw=C:\Users\Administrator\AppData\Local\Temp\aster-ptcs-package-0.2.48\dyn50-consumers-r1\PulseTrade.Comm.Spa.Dynamic.Ptcs.Tests\build
- 2026-10-03T16:11:04.9679655+08:00 Dynamic package stage PulseTrade.Comm.Spa.Dynamic.Ptcs.Tests\tests exit=0 elapsed=0.85 raw=C:\Users\Administrator\AppData\Local\Temp\aster-ptcs-package-0.2.48\dyn50-consumers-r1\PulseTrade.Comm.Spa.Dynamic.Ptcs.Tests\tests
- 2026-10-03T16:11:13.7190781+08:00 Dynamic package stage PtcsTaClient.Tests\build exit=0 elapsed=8.715 raw=C:\Users\Administrator\AppData\Local\Temp\aster-ptcs-package-0.2.48\dyn50-consumers-r1\PtcsTaClient.Tests\build
- 2026-10-03T16:11:14.5666542+08:00 Dynamic package stage PtcsTaClient.Tests\tests exit=0 elapsed=0.57 raw=C:\Users\Administrator\AppData\Local\Temp\aster-ptcs-package-0.2.48\dyn50-consumers-r1\PtcsTaClient.Tests\tests
- 2026-10-03T16:11:22.8866613+08:00 Dynamic package stage PulseTrade.Comm.Spa.Dynamic.Ptcs.LiveDemo\build exit=0 elapsed=8.31 raw=C:\Users\Administrator\AppData\Local\Temp\aster-ptcs-package-0.2.48\dyn50-consumers-r1\PulseTrade.Comm.Spa.Dynamic.Ptcs.LiveDemo\build
- 2026-10-03T16:11:23.1004453+08:00 Fresh exact50 consumer32/32, full LiveDemo DLL identity and7 exact raw copied assets PASS; source inputs unchanged; no host/public publish/production

- DYN-WBS-583 / DYN-VFY-050r5 本機範圍完成：producer source `636c19b1bb62f9425591c2d2fdb543de1445a9e5`，三fixed fullWeb 10.865/8.550/8.839s；三archive/exactdeps/DLL/assets與SDK401feed逐hash相符。真15+17=32/32（0ignored/failed/errored），LiveDemo fullWeb8.309s、三consumer runtime Spa50 DLL87569E35…與core f217c898匹配、七asset exact集合/bytes/hash與七ownbundle齊全。公開發布、main Host/browser與正式部署仍由upstream另驗。 Producer與LiveDemo tracked generated JS/min均無byte差異。新3package proof已交root解除TAClient依賴；未public，finalcurrentdocs/DevLog/KM/hypothesis同步，現在進最後fresh scan/check/commit。
- 2026-10-03T16:14:20.9814608+08:00 Freeze scoped bytes before fresh scan/check; raw outcomes at C:\Users\Administrator\AppData\Local\Temp\aster-ptcs-package-0.2.48\dynamic-wallet50-preparation-20261003\closeout-final-r1; generated JS compiler whitespace retained, ordinary source/docs diff-check applies; commit/readback evidence will be TEMP. Renderer/pcsl WIP excluded.
