# Core59 metadata/physical-block dependency closure
Session: aster-ptc-refactor-20261006, same aggregate. Canonical Dynamic branch20260915_033.ptcs_group_support HEAD2bce875; no rootAGENTS/globaljson.
## Plan
Background: Core59 fixes WS page metadata overwrite and actual physical purge block mapping. Full source1406PASS; fullWS underway.
Goal: exact package dependency closure while preserving Renderer and other sourceWIP.
Plan steps: existing6metadata-only Version/PackageReference changes, strictUTF8/BOM preserve; scan/check/source commit; build/pack frozen source; existing32consumer tests; MainthreeHost and formalUI gates.
Acceptance: exact NuGet dependency/content/provenance and realHost tests separately. No new Dynamic behavior or Native build; no protectedservice effects.
Risk: immutable packages cannot overwrite existing public versions. All planned next12versionsHEAD404. Build only projectbin/net10.0/agent.aster andobj; temp onlyrepo/temp.
## Operations
2026-10-07T07:49:40.2374080+08:00 Core59 closure metadataonly6fsproj；舊版32consumertests完成不重跑舊DLL，待新版exactpackages建成後跑同32。RendererWIP不變；新公開package/Hosts尚未完成，ownerAster。Main canonical doc/20261006.REFACTOR/evidence/Core59/Metadata.Plan.json列exactpaths/snippet Version與PackageReference value唯一變動。

| Package | 原版 | 新版 |
|---|---|---|
| PulseTrade.Comm.GW.PTCS | 1.0.39 | 1.0.40 |
| PulseTrade.Comm.Login.Pcsl | 0.1.41 | 0.1.42 |
| PulseTrade.Comm.ResourceNode.DurableProxy | 0.1.41 | 0.1.42 |
| PulseTrade.Comm.ResourceNode.Pcsl | 0.1.42 | 0.1.43 |
| PulseTrade.Comm.ResourceNode.SqlServer | 0.1.32 | 0.1.33 |
| PulseTrade.Comm.Spa | 0.2.58 | 0.2.59 |
| PulseTrade.Comm.Spa.ACL | 0.1.41 | 0.1.42 |
| PulseTrade.Comm.Spa.Dynamic | 0.1.37 | 0.1.38 |
| PulseTrade.Comm.Spa.Dynamic.Ptcs | 0.1.67 | 0.1.68 |
| PulseTrade.Comm.Spa.Dynamic.Ptcs.Client | 0.1.142 | 0.1.143 |
| PulseTrade.Comm.Spa.Host.TAResearch.Client | 0.1.38 | 0.1.39 |
| PulseTrade.Comm.Spa.Login | 0.1.40 | 0.1.41 |

2026-10-07T07:52:54.1624309+08:00 Core59 fullWS exactDLL83FC8284C89037CE6A3CF34BC912D8D8A2F49D123A85085CDE0DE6A58ACACB58 full1406PASS/0fail/error/skip. Package0.2.59no-build verifiedrepositoryc9918e09bdd419600585e323dddd6578fde0c11f/DLLsame/sevenassets. NoNuGetpublicorHostyet. Cleanupoftwo completedCore source-only current-health builddirs was toolCreateProcess rejected blocked by policy; entirecombinedcommandnotexecuted, no receipt/log/deletefromthatcall. Earlierreadonlyreferenceguard matchedonlyobserverPID36056. Bothoutputsretained, no retry/bypass; G~850MB, continueboundedpackageclosure whilefreeguardholds.
