# SPAA true-consumer scheduler jitter

## Pre-work plan

- 背景：official Renderer `0.1.88`／Interactive.Client `0.1.79`／Ptcs.Client `0.1.89`
  的 owner gate為435.30ms，但Daedalus真SPAA 960 bars／8 rows一次卡在48-bar local render
  10秒 timeout，另一次200→All為2240ms。
- 目標：以相同真SPAA E2E重現，分離consumer frame preparation、Renderer row scheduling、reactive
  DOM settle與geometry成本，修到連續consumer passes。
- 不得改變：visible-window semantics、single accepted action只增加一次render sequence、cursor identity、
  row ordering、loaded data completeness、public contract shape與consumer-owned scenario lifecycle。
- 假設：相同consumer、package graph與資料量下，替換單一等待locator即可區分產品render成本與verifier observer cost。
- 風險：若只提高timeout或縮小資料量會掩蓋真stall；若直接修改consumer repo則會越過owner邊界並污染A/B。
- 範圍：PTCS Dynamic Renderer／Interactive Client及其owner/browser tests；consumer repo只讀驗證。
- 驗收：真SPAA 960 bars／8 rows連續通過48、200→All <=2000ms、resize cursor與既有E2E；再發
  immutable exact package graph交Daedalus重跑。
- 停止條件：若profile證明stall完全發生於consumer呼叫owner前，保留owner evidence並以exact phase
  boundary交回Daedalus，不跨owner修改其程式。

## Operations

- 14:10 收到Daedalus真consumer RED：run#1 48-bar local render 10秒 timeout；run#2 200→All
  2240ms。已direct回覆並暫停ProcSupervisor final deploy。
- 14:18 在同一`http://127.0.0.1:18883/`載入真consumer 2,444 bars／8 rows；同步完成
  48與200後，以Chrome Performance錄200→All，interaction INP為17ms，畫面約1秒到
  `Viewing 1-2444`。
- 14:27 建立不進Git的formal gate副本，只把loaded-range觀測從全頁`GetByText(Regex)`改為
  既有`data-testid=ta-viewport-range`，initial barrier另等非零Loaded；原consumer source未修改。
  真960 bars／8 rows結果：click48=119ms、click200=318ms、clickAll=144ms、200→All total=1315ms。
  正式2秒門檻未放寬。副本後段在unrelated marker wait timeout，未誤宣稱完整E2E通過，並已刪除副本。
- 14:30 根因邊界：owner product interaction在同一真consumer負載下低於門檻；2153/2240ms超額主要由
  consumer verifier每50ms對大型DOM重做全頁Regex text locator造成。已將exact evidence與formal gate
  修正方式direct交付Daedalus，等待其用direct locator連續重跑；本輪不製造無行為差異的package版號。
- 14:35 原封不動重跑formal consumer gate，960 bars再次在200→All量到2115ms而失敗；同時段direct
  test-id副本為1315ms。此A/B使用相同服務、package graph、資料量與row count，進一步排除package
  identity與Renderer interaction本身，定位為verifier locator observer effect。
- 14:26 Correction：前四筆Operations中的14:27／14:30／14:35是誤用估計時間形成的future label；
  其操作順序與證據內容不變，均已在本筆Correction前完成，authoritative completion time為14:26。
- 15:05 Correction：Daedalus已用direct `ta-viewport-range`與non-zero initial barrier連續重現2072/2137ms，
  click僅40ms、direct state wait 2097ms。先前「主要為verifier observer effect」只能解釋部分差異，不能關閉
  owner issue；重新進入true-consumer scheduler/commit調查，續記既有`20260928141000_issue_spaa_consumer_scheduler_jitter.hypothesis.md`。
- 15:42 Renderer range文字改為直接訂閱committed `uiState`與draft，不再等待chart stack replacement；row ready authority不變。
  新focused F# Playwright PASS：4,000 bars的200→All state=170.88ms、rows-ready total=369.95ms、render `3->4`、
  range attributes=`1..4000`，console/page error=0。Candidate graph為`0.1.33/0.1.89/0.1.80/0.1.54/0.1.90`。
- 15:51 Source commit `d7d04e8`已push；Renderer `0.1.89`、Interactive.Client `0.1.80`、Ptcs.Client `0.1.90`
  push均回`Created`。NuGet.org official SHA依序為`94FAC378...21B1F6 / 4E97D7FE...BFCCDE / 39E6C62B...2C14FF`；
  repository signature、exact dependencies、Interactive manifest `0.1.80`及entry parity均PASS。Exact graph已direct交Daedalus跑真SPAA。
- 16:14 Daedalus四次official consumer run回報direct state `1788..2012ms`，並重現48 intent在same-identity accepted response後被覆蓋回All。source review確認range/presets仍在chart subtree，且projection refresh誤走identity reset。
- 16:32 Renderer把controls移至stable shell，並分離projection full prepare與`CoverageIdentity` scope reset。新增BrowserDemo same-identity revision回覆fixture與Playwright regression；修正full verifier在row height reset後沿用stale pointer box的測試假設。
- 16:32 Local candidate graph `0.1.33/0.1.91/0.1.82/0.1.54/0.1.92`：focused `55/15/17`；focused state/rows=`160.21/373.24ms`、render `3->4`；完整gate state/rows=`586.83/690.59ms`、300 cursor transitions、正式phases over100=0、same-identity 48保留、console/page error=0。已direct通知Daedalus，等待source commit與official release。
- 16:55 closeout checker首次以舊scoped snapshot報一筆歷史log readonly差異；該檔不在`git status`、目前bytes與tracked HEAD及更新後state hash一致，因此未修改checker、未刪state、未改歷史log。以相同scope重查為`PASS=30/WARN=9/FAIL=0`；WARN僅本輪dirty／未變watch及既有traceability缺口。
- 16:46 Source commit `83df45b`已push。三包public push完成；Interactive首次Release pack因殘留project-scoped `wsfscservice`以CLR exception終止，停止該compiler helper後同一source full WebSharper build成功，未停用compiler或沿用舊bundle。
- 16:51 NuGet.org official SHA依序為`FC4A84D8...59ED83 / 564F1544...953F2E / 63040D11...350A88`；三包repository signature、exact dependency、Interactive manifest `0.1.82`與排除signature後entry parity全部PASS。
- 16:53 Renderer `0.1.91`、Interactive.Client `0.1.82`與Ptcs.Client `0.1.92`的v3 flat-container皆回HTTP 200；official readback完成，可交付Daedalus執行真SPAA gate。
- 16:55 Release-evidence closeout：changed-path sensitive scan `High=0/Medium=0`，checker `PASS=41/WARN=4/FAIL=0`；WARN為本輪未改KM/Test、commit前dirty與既有traceability inventory，無本輪blocking finding。
