# SPAA EditorSchemas 與 viewport render sequence consumer acceptance

## 背景／上下文

Daedalus以official exact graph驗證真SPAA：OHLC micro-candles、A→B→A與Order/Fill-only均通過。剩餘差異為document `EditorSchemas`為空而無Edit capability，以及200→All從local immediate到server accepted造成render sequence `10 -> 12`，與既有consumer no-frame invariant衝突。

## 目標

1. 釐清EditorSchemas的authoritative owner及無capability時Renderer行為。
2. 判斷同identity accepted response的第二次render是必要commit、可短路的等價ack，或regression。
3. 若屬owner regression，以最小修正與回歸測試發布exact packages；否則提供可追溯contract依據給Daedalus。

## 假設

- `EditorSchemas`屬consumer/document authoring capability，Renderer不得自行合成schema。
- local immediate已提交相同viewport時，server accepted若只確認等價intent，不應再觸發chart redraw；若包含新coverage/revision/data則仍須render。

## 風險

- 過度短路accepted response可能漏掉authority correction或新coverage。
- Renderer自行建立EditorSchemas會越過owner邊界並讓無編輯能力的document誤顯Edit。

## Planned steps

1. 查REQ/SD/RFC/Test與Renderer/Interactive client的schema、viewport accepted路徑。
2. 以既有fixture重現render sequence delta，新增等價ack與authority correction對照測試。
3. 最小修正、focused/browser gates、文件與package release；即時回覆Daedalus。

## Acceptance / Stop

- EditorSchemas ownership有source/doc evidence且不靠推測。
- local immediate後等價accepted ack不多一次chart render；實際authority/data change仍render。
- focused與真SPAA consumer gate均通過，或有明確外部blocker。

## Operations

- 06:04 收到Daedalus真SPAA結果並direct回覆接手；未要求其放寬gate或偽造schema。
- 06:45 根因確認：revision-only accepted callback被DocumentRevision counter誤判為presentation replacement，另有preparation前置寫入chart state使後續資料投影觸發不必要topology rebuild。Renderer改以semantic document presentation判斷shell/topology，只正規化coverage/query counters；diagnostic revisions改為reactive attributes。
- 06:45 回歸結果：Renderer 55/55、Interactive.Client 15/15、Ptcs.Client 17/17；callback-settled 200→All state/rows=175.88/378.52ms、render 3->4。完整browser gate五列資料替換與cursor/perf全綠，正式phase無>100ms task。
- 06:45 final candidate graph staged：Contracts 0.1.33、Renderer 0.1.94、Interactive.Client 0.1.85、Dynamic.Ptcs 0.1.54、Ptcs.Client 0.1.95；尚未宣稱official release或consumer PASS。
- 06:48 final exact refs focused rerun PASS：Renderer 55/55、Interactive.Client 15/15、Ptcs.Client 17/17，failed/errored/skipped皆0。
- 06:49 changed paths＋兩個本輪log敏感掃描：high=0、medium=0；strict UTF-8／NUL／U+FFFD檢查通過。
- 06:51 `check.fsx`結果PASS=37/WARN=3/FAIL=0；本輪可處理WARN為log缺少「範圍」欄位及預期中的dirty，既有跨repo文件追溯WARN不屬本slice。

## 範圍

- In：Renderer semantic shell/topology判斷、BrowserDemo accepted callback fixture、focused/browser verifier、exact package references、RFC-0032與TA current docs。
- Out：consumer document authoring的EditorSchemas、SPAA consumer package bump／真E2E、provider/FSSTL/MDCQ邏輯。
- 06:54 source commit `2c7bf76`已push；三顆package push均回Created。
- 06:57 official flat-container readback完成：Renderer 0.1.94 SHA `DB3565D8...68AD`、Interactive.Client 0.1.85 SHA `63E1AEEC...86C4`、Ptcs.Client 0.1.95 SHA `3C01541A...5009`；repository signatures與exact deps有效、entryDiff=0、Interactive manifest=0.1.85。Exact graph已direct交付Daedalus跑真SPAA。
- 07:09 Daedalus fresh official graph真SPAA 2/2重現rapid intent race：200→All render 10→12；stale ui:4（48-bar VisibleRange）在較新local 200/All後才accepted，diagnostic coverage/data未變，render reason為document-revision。Owner contract明確不要求等待callback-settled；T-123維持strict single-render。
- 07:10 開始補rapid 48→200→All fixture並要求consumer回 bounded semantic document diff；不得以放寬gate或操作節流處理。
- 07:27 本機重跑 Daedalus 真 SPAA gate，重現 `render 10 -> 12`、All約1017ms、long task 0。bounded action evidence顯示最後兩個request為`ui:3 ChangeQuery`與`ui:4 48-bar VisibleRangeChanged`，ui:4 response為`frames=0`；200/All仍在renderer local latest-wins路徑。
- 07:30 修正判讀：多出的render是ui:3 runtime revision 3的scheduled projection晚於consumer的500ms render-quiescence heuristic完成，不是ui:4 ACK republish。SPAA目前呼叫`renderWithDisplayTimeZone`丟棄projection callback；consumer須改用typed projection commit seam並在viewport基準前等待query revision完成。不得以owner comparator壓掉必要的新query資料render。
- 07:33 Daedalus更正progressive gate：先前Document+Snapshot屬toolbar pan-left成功response；真正失敗是緊接著selection boundary drag完全未送action。定位為navigator start/release誤把`PendingActionId`當local hard disable，開始改為與preset共用latest-wins viewport intent queue。
- 07:40 Renderer完成single in-flight＋latest queued viewport intent；pending期間navigator可preview/release，boundary intent於settled後依最新runtime重算。Exact candidate graph為`0.1.95/0.1.86/0.1.96`。
- 07:41 focused suites PASS `55/15/17`；focused F# Playwright兩次PASS `callback 0->2 / queryGeneration 2 / visible 405-452`。完整BrowserDemo gate最終PASS；既有preview stream與synthetic hover verifier race已修為phase前重啟及bounded同位置重送，不放寬效能門檻。
