# DEP52 Dynamic metadata / pre-work plan
沿root ACT-A2 aggregate clock及core7545a321／1246PASS，僅本canonical Dynamic checkout C:/Users/Administrator/test_gemini/PulseTrade.Comm.Spa.Dynamic，branch20260915_033.ptcs_group_support，起點a299348c7842b8c65212fb3a29f1c7d68160871a。
授權：先唯讀精確盤點＋向root送changed-files old/new proposal；允許TEMP草稿helper，不准canonical版本改動/build/pack/upload直到root核准。預定Dynamic umbrella29→30，Ptcs60→61，Client135→136；active自有exact Spa50→52、Registry3→4與internal refs對齊；Contracts/Renderer/Interactive維持，legacy shadow ACL/Login0.1.1不改。
不得改：既有Renderer.fs與.playwright WIP、任何人類／其他owner source；prod及常駐test不碰。root擁有main/core metadata與package/public release。本owner不新增branch/worktree、不碰shared index。
方法：已查ancestor/root/nested適用AGENTS候選，未發現Dynamic本地AGENTS，沿人類提供main AGENTS規則。先讀current Verification、既有source insight與wallet50 release helpers；限定fsproj/props/targets及exact相關source refs，不bulk歷史。核global.json與副作用flags，復用proven短C TEMP path helper，提案需列exact各檔old/new、active/legacy界線、baseline/剩餘gate。
驗收／停止：proposal完整且root可review；未獲root批准不edit canonical metadata、不build/package。所有new textUTF8noBOM、保留existing bytes/BOM；本log與後續文件由root指定checkpoint，不強收其他WIP。

## Operations- 2026-10-04T03:52:38.4243168+08:00 Root approved exact7/14 metadata and minimal current-version producer baseline. Source insight reused: log/20261002/20261002153401.review_insight.md; 20261004 SDK=10.0.401, no global.json or custom Directory.Build props found on applicable chain. Correction: a headings grep accidentally matched ### and produced truncated excess output; no substantive conclusion used from truncated output; subsequent reads bounded. Begin TEMP helper adaptation only, baseline umbrella one producer; future candidate remains blocked until root accepts actual52/Registry4 proofs. Published50 local unsigned original archive/cache/feed SHA BF729DE4... match historical source proof; this is not a fresh official-download claim.
- 2026-10-04T03:53:04.8592562+08:00 Begin immutable current-HEAD baseline capture to C:\ptc-d52\baseline-r1; old862 allowlist plus explicit3 Ptcs closure inputs; byte/SHA/git-blob checks; no canonical edit/ACL change/pack/publish. Watchdog only new handle-owned process tree.
- 2026-10-04T03:53:10.9954088+08:00 Owned immutable baseline stage PulseTrade.Comm.Spa.Dynamic-restore exit=0 timeout=False elapsed=1.9 raw=C:\ptc-d52\baseline-r1\evidence\PulseTrade.Comm.Spa.Dynamic-restore
- 2026-10-04T03:53:23.7374674+08:00 Owned immutable baseline stage PulseTrade.Comm.Spa.Dynamic-build exit=0 timeout=False elapsed=12.713 raw=C:\ptc-d52\baseline-r1\evidence\PulseTrade.Comm.Spa.Dynamic-build
- 2026-10-04T03:53:24.0843940+08:00 Immutable current-version baseline PASS source=a299348c7842b8c65212fb3a29f1c7d68160871a files=865 projects=1 fullWebSharper=true canonical/captured/Rendererbytes unchanged; raw evidence=C:\ptc-d52\baseline-r1; package/publish=false.
- 2026-10-04T03:56:24.2248960+08:00 Metadata preparation r1 failed before any canonical edit: PowerShell ambiguous generic MemoryExtensions.SequenceEqual overload. Correct harness to compare raw byte Base64 equality; original r1 diagnostic retained in session, no product failure.
- 2026-10-04T03:56:24.4384737+08:00 Baseline umbrella restore1.894s/fullWebSharper12.712s PASS with865 canonical/captured inputs and excluded Renderer unchanged. Begin approved7/14 metadata writes after strict UTF8/XML/inverse raw byte checks; preimages C:/ptc-d52/tools/metadata-before. Candidate/package/upload remain unexecuted.
- 2026-10-04T03:59:35.7925826+08:00 Root accepted affected umbrella tests; cleanup owner released4 hook paths/index, combine16 exact owned files (7 metadata,5 docs,shared verifier,3 new logs) in this checkpoint. No builds/packages after metadata yet. Begin strict encoding/BOM, ordinary diff check, sensitive changedpath scan and authoritative check; preserve Renderer/PCSL/Playwright WIP, no index until gates pass. Evidence C:/ptc-d52/tools/closeout-metadata-r1.
- 2026-10-04T03:59:42.5649230+08:00 Freeze scoped bytes before fresh scan/check; raw outcomes at C:\ptc-d52\tools\closeout-metadata-r1; generated JS compiler whitespace retained, ordinary source/docs diff-check applies; commit/readback evidence will be TEMP. Renderer/pcsl WIP excluded.

## Operations
- Correction: prework log existed before actions but its initial final heading lacked a trailing newline; first append joined the heading and timestamp. Checker metadata-r1 correctly returned latest_log_operations FAIL. Existing bytes and raw FAIL are preserved; this new proper heading repairs traceability without changing earlier evidence.
- Background: root authorized DEP52 exact adapter metadata after ACT-A2; canonical Dynamic a299348c, shared Renderer/PCSL WIP remain outside owned scope.
- Goal: source metadata checkpoint only; source52 candidates require fixed upstream proof and root gate, no public upload or production.
- Hypothesis: exact version-only changes preserve runtime behavior while current one-producer baseline detects existing compile issues; no feature change or broad refactor.
- Steps/result: current umbrella restore1.894s/fullWebSharper12.712s PASS;865 raw/cleanblob inputs and Renderer stable. Approved7files/14literals applied with inverse byte/XML/UTF8/BOM checks. Shared hook matrix PS5/PS7 main200/Dynamic160/negative7 PASS. Docs appended, sensitive scan16files High0 Medium0, scoped diff-checkPASS.
- Risks: new52/Registry4 full builds/tests/package are still pending; prior50/public and marker-only gates do not prove52 or deployments. Renderer WIP, .pcsl and .playwright remain untouched.
- Next: fresh sensitive/check metadata-r2 then exact16 staged-scope/hash check, commit/push/readback; no amend/reset/restore/forcepush.
- 2026-10-04T04:01:42.0348565+08:00 Freeze scoped bytes before fresh scan/check; raw outcomes at C:\ptc-d52\tools\closeout-metadata-r2; generated JS compiler whitespace retained, ordinary source/docs diff-check applies; commit/readback evidence will be TEMP. Renderer/pcsl WIP excluded.
- 2026-10-04T04:04:17.4462643+08:00 Checker r2 repaired Operations:31PASS/3WARN/0FAIL, Sensitive High0/Medium0. WARN latest_log_required_fields refers initial prework label recognition only: initial clauses already describe ACT-A2 context, authorized goal, minimum scope/steps and preservation risks; append-only correction above explicitly labels these without rewriting prework. Remaining git_dirty is coordinated Renderer/PCSL plus owned changes, doc_traceability_coverage is pre-existing unrelated archive/current thin RFC links. TEMP commit draft first adaptation had PowerShell scalar indexing bug before writing helper/staging; fixed explicit array and parser/default PLAN passed. One orchestration draft quoting error never reached shell. Prepare final r3 scan/check then exact16 commit with expected a299 HEAD and unchanged Renderer; canonical source52 build still pending.
- 2026-10-04T04:04:18.2242222+08:00 Freeze scoped bytes before fresh scan/check; raw outcomes at C:\ptc-d52\tools\closeout-metadata-r3; generated JS compiler whitespace retained, ordinary source/docs diff-check applies; commit/readback evidence will be TEMP. Renderer/pcsl WIP excluded.
- 2026-10-04T04:08:18.6690365+08:00 Exact16 metadata/hook checkpoint eedd8713dc73c412f51945a3db3d891cd0d11924 pushed/readback/indexempty;6 WIP paths/RendererCD55FC5A... preserved. Begin fixed raw source preparation only:865 producer inputs plus2 existing umbrella test inputs; no build/pack. PLAN helpers C:/ptc-d52/candidate-tools parser/defaults pass, execution blocked until upstream52/4 proofs + root GO. Root-owned docs/production unchanged.
- 2026-10-04T04:14:21.8749018+08:00 TEMP prep completed: fixed eedd manifest867 files (865 producer +2 tests), SHA2C19A60802CC216611E48D4F4AF724F3EDCF0F148AD0DAB73D5E4591279E9CF6; max172characters. Four candidate stage helpers syntax/default PLAN PASS, Execute throws pendingrootGO. One consumer draft splice had a PowerShell parser error before any file write; replaced with literal here-string. Registry4 sourceproof normalized only after actual archive/feed3B96EA5B and packedDLL310ED9ED hash checks. Root corrected closure14→17 due three infra exactRegistry3 edges; root/peer own those bumps. Still no candidate52 build/test/pack/upload; await actual finalSpa52 proof, not stale source2ba. Existing trackedgenerated bundles require explicit diff/sourcecheckpoint if compiler emits different bytes.
- 2026-10-04T05:04:31.3121052+08:00 Root GO: fixed core52 source189d DLL4F5AF586, Registry4 fixed, Dynamic eedd; execute immutable 3-producer fullWS in C:/ptc-d52/candidate-final-r1 in parallel with distinct Proc test output. No upload/services; raw evidence and unchanged source guards retained.
- 2026-10-04T05:05:14.5732004+08:00 Begin immutable current-HEAD baseline capture to C:\ptc-d52\candidate-final-r1; old862 allowlist plus explicit3 Ptcs closure inputs; byte/SHA/git-blob checks; no canonical edit/ACL change/pack/publish. Watchdog only new handle-owned process tree.
- 2026-10-04T05:05:20.7124747+08:00 Owned immutable baseline stage PulseTrade.Comm.Spa.Dynamic-restore exit=0 timeout=False elapsed=2.279 raw=C:\ptc-d52\candidate-final-r1\evidence\PulseTrade.Comm.Spa.Dynamic-restore
- 2026-10-04T05:05:32.3350527+08:00 Owned immutable baseline stage PulseTrade.Comm.Spa.Dynamic-build exit=0 timeout=False elapsed=11.607 raw=C:\ptc-d52\candidate-final-r1\evidence\PulseTrade.Comm.Spa.Dynamic-build
- 2026-10-04T05:05:34.1152335+08:00 Owned immutable baseline stage PulseTrade.Comm.Spa.Dynamic.Ptcs-restore exit=0 timeout=False elapsed=1.772 raw=C:\ptc-d52\candidate-final-r1\evidence\PulseTrade.Comm.Spa.Dynamic.Ptcs-restore
- 2026-10-04T05:05:42.6038394+08:00 Owned immutable baseline stage PulseTrade.Comm.Spa.Dynamic.Ptcs-build exit=0 timeout=False elapsed=8.487 raw=C:\ptc-d52\candidate-final-r1\evidence\PulseTrade.Comm.Spa.Dynamic.Ptcs-build
- 2026-10-04T05:05:44.4070365+08:00 Owned immutable baseline stage PulseTrade.Comm.Spa.Dynamic.Ptcs.Client-restore exit=0 timeout=False elapsed=1.801 raw=C:\ptc-d52\candidate-final-r1\evidence\PulseTrade.Comm.Spa.Dynamic.Ptcs.Client-restore
- 2026-10-04T05:05:55.6350318+08:00 Owned immutable baseline stage PulseTrade.Comm.Spa.Dynamic.Ptcs.Client-build exit=0 timeout=False elapsed=11.223 raw=C:\ptc-d52\candidate-final-r1\evidence\PulseTrade.Comm.Spa.Dynamic.Ptcs.Client-build
- 2026-10-04T05:05:56.0229921+08:00 Immutable current-version baseline PASS source=eedd8713dc73c412f51945a3db3d891cd0d11924 files=865 projects=3 fullWebSharper=true canonical/captured/Rendererbytes unchanged; raw evidence=C:\ptc-d52\candidate-final-r1; package/publish=false.
- 2026-10-04T05:11:02.1906107+08:00 Root authorized exact two tracked generated bundles from candidate-final-r1 (source eedd, core52/Registry4); sync original raw bytes after UTF8/BOM checks, append Verification/DevLog, scoped5 scan/check/commit/push before final new-source build. No Renderer/PCSL changes. Initial PowerShell boolean binder failure occurred before execution; corrected command invoked candidate normally.
- 2026-10-04T05:11:03.4649671+08:00 Freeze scoped bytes before fresh scan/check; raw outcomes at C:\ptc-d52\bundle-checkpoint-tools\closeout-bundles-r1; generated JS compiler whitespace retained, ordinary source/docs diff-check applies; commit/readback evidence will be TEMP. Renderer/pcsl WIP excluded.
